Alert: We search variables context 123456
Alert: We search variables context 579
