Alert: PASS: typeof my_doc.getDelta = function
Alert: PASS: typeof my_doc.getDeltas = function
Alert: PASS: my_doc.getDelta('args', 'not', 'checked') = undefined
Alert: FAIL: my_doc.getDeltas('args', 'not', 'checked') = [object Object], expected [object XFAObject] 
