Alert: PASS: locale = en_US
Alert: PASS: locale = FR
Alert: PASS: instanceIndex = 0
Alert: PASS: instanceIndex = 0
Alert: PASS: layout = tb
Alert: PASS: layout = landscape
Alert: PASS: validationMessage = 
Alert: PASS: validationMessage = totally valid
Alert: PASS: typeof my_doc.execEvent = function
Alert: PASS: typeof my_doc.execInitialize = function
Alert: PASS: typeof my_doc.execCalculate = function
Alert: PASS: typeof my_doc.execValidate = function
Alert: PASS: my_doc.execEvent() threw XFAObject.execEvent: Incorrect number of parameters passed to function.
Alert: PASS: my_doc.execEvent('foo', 'bar') threw XFAObject.execEvent: Incorrect number of parameters passed to function.
Alert: PASS: my_doc.execEvent('docReady') = undefined
Alert: PASS: my_doc.execInitalize('foo') threw TypeError: my_doc.execInitalize is not a function
Alert: PASS: my_doc.execInitialize() = undefined
Alert: PASS: my_doc.execCalculate('foo') threw XFAObject.execCalculate: Incorrect number of parameters passed to function.
Alert: PASS: my_doc.execCalculate() = undefined
Alert: PASS: my_doc.execValidate('foo') threw XFAObject.execValidate: Incorrect number of parameters passed to function.
Alert: PASS: my_doc.execValidate() = true
