Alert: globalThis is [object Root]
Alert: globalThis.constructor is function Root() { [native code] }
Alert: But Root is undefined
Alert: PASS: new globalThis.constructor() = [object Root]
Alert: We search non-xfa global space on missing prop: true
Alert: Global toString says [object Root]
Alert: toString.apply to bad object is [object Root]
Alert: toString.apply to bad non-xfa object is [object Root]
