Alert: items
Alert: | arc
Alert: | boolean
Alert: | boolean
Alert: | boolean
Alert: | boolean
Alert: | date
Alert: | date
Alert: | | #text
Alert: | date
Alert: | | #text
Alert: | date
Alert: | | #text
Alert: | dateTime
Alert: | dateTime
Alert: | | #text
Alert: | dateTime
Alert: | | #text
Alert: | dateTime
Alert: | | #text
Alert: | decimal
Alert: | decimal
Alert: | decimal
Alert: | exData
Alert: | exData
Alert: | float
Alert: | float
Alert: | float
Alert: | image
Alert: | | #text
Alert: | image
Alert: | | #text
Alert: | integer
Alert: | integer
Alert: | integer
Alert: | line
Alert: | rectangle
Alert: | text
Alert: | text
Alert: | time
Alert: | time
Alert: PASS: bool0.value = false
Alert: PASS: bool0.value = true
Alert: PASS: bool1.value = true
Alert: PASS: bool1.value = false
Alert: PASS: boolbad.value = false
Alert: PASS: booltruenottrue.value = false
Alert: PASS: booltruenottrue.value = false
Alert: PASS: booltruenottrue.value = false
Alert: PASS: booltruenottrue.value = true
Alert: PASS: booltruenottrue.value = true
Alert: PASS: booltruenottrue.value = true
Alert: PASS: date0.value = null
Alert: PASS: date1.value = 2020-02-02
Alert: PASS: date2.value = 2039-12-01
Alert: PASS: datebad.value = bad
Alert: FAIL: datetime0 = [object Object], expected [object XFAObject] 
Alert: FAIL: datetime1 = [object Object], expected [object XFAObject] 
Alert: FAIL: datetime2 = [object Object], expected [object XFAObject] 
Alert: FAIL: datetimebad = [object Object], expected [object XFAObject] 
Alert: FAIL: decimal0 = [object Object], expected [object XFAObject] 
Alert: FAIL: decimal1 = [object Object], expected [object XFAObject] 
Alert: FAIL: decimalbad = [object Object], expected [object XFAObject] 
Alert: FAIL: ex0 = [object Object], expected [object XFAObject] 
Alert: FAIL: ex1 = [object Object], expected [object XFAObject] 
Alert: FAIL: float0 = [object Object], expected [object XFAObject] 
Alert: FAIL: float1 = [object Object], expected [object XFAObject] 
Alert: FAIL: floatbad = [object Object], expected [object XFAObject] 
Alert: FAIL: image0 = [object Object], expected [object XFAObject] 
Alert: FAIL: image1 = [object Object], expected [object XFAObject] 
Alert: FAIL: int0 = [object Object], expected [object XFAObject] 
Alert: FAIL: int1 = [object Object], expected [object XFAObject] 
Alert: FAIL: intbad = [object Object], expected [object XFAObject] 
Alert: FAIL: line0 = [object Object], expected [object XFAObject] 
Alert: FAIL: rect0 = [object Object], expected [object XFAObject] 
Alert: FAIL: text0 = [object Object], expected [object XFAObject] 
Alert: FAIL: text1 = [object Object], expected [object XFAObject] 
Alert: FAIL: time0 = [object Object], expected [object XFAObject] 
Alert: FAIL: time1 = [object Object], expected [object XFAObject] 
Alert: PASS: goop0 = null
