Alert: This test attempts to make array buffers until exhausted
Alert: Trying size 1000
Alert: Trying size 2000000
Alert: Trying size 2147483648
Alert: Caught error RangeError: Array buffer allocation failed
