[icon=3,type=0]: The input value can't be parsed as a valid date/time (m/d).
Alert: Done.
