Alert: Caught: Document.getAnnots: Object no longer exists.
Alert: Done
